[INFO] Scanning for projects...
[INFO] 
[INFO] ------------------< com.wanderlog:wanderlog-backend >-------------------
[INFO] Building wanderlog-backend 0.0.1-SNAPSHOT
[INFO]   from pom.xml
[INFO] --------------------------------[ jar ]---------------------------------
[INFO] 
[INFO] --- clean:3.3.2:clean (default-clean) @ wanderlog-backend ---
[INFO] Deleting C:\Users\raksh\OneDrive\Documents\Desktop\WanderLog\backend\target
[INFO] ------------------------------------------------------------------------
[INFO] BUILD FAILURE
[INFO] ------------------------------------------------------------------------
[INFO] Total time:  2.527 s
[INFO] Finished at: 2026-02-22T21:15:47+05:30
[INFO] ------------------------------------------------------------------------
[ERROR] Failed to execute goal org.apache.maven.plugins:maven-clean-plugin:3.3.2:clean (default-clean) on project wanderlog-backend: Failed to clean project: Failed to delete C:\Users\raksh\OneDrive\Documents\Desktop\WanderLog\backend\target\test-classes -> [Help 1]
[ERROR] 
[ERROR] To see the full stack trace of the errors, re-run Maven with the -e switch.
[ERROR] Re-run Maven using the -X switch to enable full debug logging.
[ERROR] 
[ERROR] For more information about the errors and possible solutions, please read the following articles:
[ERROR] [Help 1] http://cwiki.apache.org/confluence/display/MAVEN/MojoExecutionException
